node.exe : [33m[1mWARNING:[22m[39m You 
are currently using Node.js v25.2.1, which is 
not supported by Hardhat. This can lead to 
unexpected behavior. See 
https://v2.hardhat.org/nodejs-versions
At 
C:\Users\Amir\AppData\Roaming\npm\yarn.ps1:24 
char:5
+     & "node$exe"  
"$basedir/node_modules/yarn/bin/yarn.js" $args
+     ~~~~~~~~~~~~~~~~~~~~~~~~~~~~~~~~~~~~~~~~
~~~~~~~~~~~~~~~~~~~~
    + CategoryInfo          : NotSpecified: ( 
   [33m[1mWARNIN...nodejs-versions:String)  
   [], RemoteException
    + FullyQualifiedErrorId : NativeCommandEr 
   ror
 


Generating typings for: 17 artifacts in dir: typechain-types for target: ethers-v6
Successfully generated 54 typings!
Compiled 14 Solidity files successfully (evm target: paris).
