node.exe : [33m[1mWARNING:[22m[39m You 
are currently using Node.js v25.2.1, which is 
not supported by Hardhat. This can lead to 
unexpected behavior. See 
https://v2.hardhat.org/nodejs-versions
At 
C:\Users\Amir\AppData\Roaming\npm\yarn.ps1:24 
char:5
+     & "node$exe"  
"$basedir/node_modules/yarn/bin/yarn.js" $args
+     ~~~~~~~~~~~~~~~~~~~~~~~~~~~~~~~~~~~~~~~~
~~~~~~~~~~~~~~~~~~~~
    + CategoryInfo          : NotSpecified: ( 
   [33m[1mWARNIN...nodejs-versions:String)  
   [], RemoteException
    + FullyQualifiedErrorId : NativeCommandEr 
   ror
 




  TipFlowSession
    Session Management
      Ô£ö Should allow a user to create a session (44ms)
      Ô£ö Should invoke settlement correctly with valid signature

  YourContract
    Deployment
      Ô£ö Should have the right message on deploy
Setting new greeting 'Learn Scaffold-ETH 2! :)' from 0xf39fd6e51aad88f6f4ce6ab8827279cfffb92266
      Ô£ö Should allow setting a new message (146ms)


  4 passing (1s)

┬À┬À┬À┬À┬À┬À┬À┬À┬À┬À┬À┬À┬À┬À┬À┬À┬À┬À┬À┬À┬À┬À┬À┬À┬À┬À┬À┬À┬À┬À┬À┬À┬À┬À┬À┬À┬À┬À┬À┬À┬À┬À┬À┬À┬À┬À┬À┬À┬À┬À┬À┬À┬À┬À┬À┬À┬À┬À┬À┬À┬À┬À┬À┬À┬À┬À┬À┬À┬À┬À┬À┬À┬À┬À┬À┬À┬À┬À┬À┬À┬À┬À┬À┬À┬À┬À┬À┬À┬À┬À┬À┬À┬À┬À┬À┬À┬À┬À┬À┬À┬À┬À┬À┬À┬À┬À┬À┬À┬À
|  [32m[1mSolidity and Network Configuration[22m[39m                                                                       Ôöé
┬À┬À┬À┬À┬À┬À┬À┬À┬À┬À┬À┬À┬À┬À┬À┬À┬À┬À┬À┬À┬À┬À┬À┬À|┬À┬À┬À┬À┬À┬À┬À┬À┬À┬À┬À┬À┬À┬À┬À┬À┬À|┬À┬À┬À┬À┬À┬À┬À┬À┬À┬À┬À┬À┬À┬À┬À|┬À┬À┬À┬À┬À┬À┬À┬À┬À┬À┬À┬À┬À┬À┬À┬À┬À|┬À┬À┬À┬À┬À┬À┬À┬À┬À┬À┬À┬À┬À┬À┬À┬À┬À┬À┬À┬À┬À┬À┬À┬À┬À┬À┬À┬À┬À┬À┬À┬À
|  [36mSolidity: 0.8.30[39m     ┬À  [36mOptim: true[39m    ┬À  [36mRuns: 200[39m    ┬À  [36mviaIR: true[39m    ┬À     [36mBlock: 60,000,000 gas[39m     Ôöé
┬À┬À┬À┬À┬À┬À┬À┬À┬À┬À┬À┬À┬À┬À┬À┬À┬À┬À┬À┬À┬À┬À┬À┬À|┬À┬À┬À┬À┬À┬À┬À┬À┬À┬À┬À┬À┬À┬À┬À┬À┬À|┬À┬À┬À┬À┬À┬À┬À┬À┬À┬À┬À┬À┬À┬À┬À|┬À┬À┬À┬À┬À┬À┬À┬À┬À┬À┬À┬À┬À┬À┬À┬À┬À|┬À┬À┬À┬À┬À┬À┬À┬À┬À┬À┬À┬À┬À┬À┬À┬À┬À┬À┬À┬À┬À┬À┬À┬À┬À┬À┬À┬À┬À┬À┬À┬À
|  [32m[1mMethods[22m[39m                                                                                                  Ôöé
┬À┬À┬À┬À┬À┬À┬À┬À┬À┬À┬À┬À┬À┬À┬À┬À┬À┬À┬À┬À┬À┬À┬À┬À|┬À┬À┬À┬À┬À┬À┬À┬À┬À┬À┬À┬À┬À┬À┬À┬À┬À|┬À┬À┬À┬À┬À┬À┬À┬À┬À┬À┬À┬À┬À┬À┬À|┬À┬À┬À┬À┬À┬À┬À┬À┬À┬À┬À┬À┬À┬À┬À┬À┬À|┬À┬À┬À┬À┬À┬À┬À┬À┬À┬À┬À┬À┬À┬À┬À┬À|┬À┬À┬À┬À┬À┬À┬À┬À┬À┬À┬À┬À┬À┬À┬À
|  [32m[1mContracts / Methods[22m[39m  ┬À  [1mMin[22m            ┬À  [1mMax[22m          ┬À  [1mAvg[22m            ┬À  [1m# calls[22m       ┬À  [1musd (avg)[22m   Ôöé
┬À┬À┬À┬À┬À┬À┬À┬À┬À┬À┬À┬À┬À┬À┬À┬À┬À┬À┬À┬À┬À┬À┬À┬À|┬À┬À┬À┬À┬À┬À┬À┬À┬À┬À┬À┬À┬À┬À┬À┬À┬À|┬À┬À┬À┬À┬À┬À┬À┬À┬À┬À┬À┬À┬À┬À┬À|┬À┬À┬À┬À┬À┬À┬À┬À┬À┬À┬À┬À┬À┬À┬À┬À┬À|┬À┬À┬À┬À┬À┬À┬À┬À┬À┬À┬À┬À┬À┬À┬À┬À|┬À┬À┬À┬À┬À┬À┬À┬À┬À┬À┬À┬À┬À┬À┬À
|  [1mMockUSDC[22m             ┬À                                                                                   Ôöé
┬À┬À┬À┬À┬À┬À┬À┬À┬À┬À┬À┬À┬À┬À┬À┬À┬À┬À┬À┬À┬À┬À┬À┬À|┬À┬À┬À┬À┬À┬À┬À┬À┬À┬À┬À┬À┬À┬À┬À┬À┬À|┬À┬À┬À┬À┬À┬À┬À┬À┬À┬À┬À┬À┬À┬À┬À|┬À┬À┬À┬À┬À┬À┬À┬À┬À┬À┬À┬À┬À┬À┬À┬À┬À|┬À┬À┬À┬À┬À┬À┬À┬À┬À┬À┬À┬À┬À┬À┬À┬À|┬À┬À┬À┬À┬À┬À┬À┬À┬À┬À┬À┬À┬À┬À┬À
|      approve          ┬À              [90m-[39m  ┬À            [90m-[39m  ┬À         45,974  ┬À             2  ┬À           [32m[90m-[39m[32m[39m  Ôöé
┬À┬À┬À┬À┬À┬À┬À┬À┬À┬À┬À┬À┬À┬À┬À┬À┬À┬À┬À┬À┬À┬À┬À┬À|┬À┬À┬À┬À┬À┬À┬À┬À┬À┬À┬À┬À┬À┬À┬À┬À┬À|┬À┬À┬À┬À┬À┬À┬À┬À┬À┬À┬À┬À┬À┬À┬À|┬À┬À┬À┬À┬À┬À┬À┬À┬À┬À┬À┬À┬À┬À┬À┬À┬À|┬À┬À┬À┬À┬À┬À┬À┬À┬À┬À┬À┬À┬À┬À┬À┬À|┬À┬À┬À┬À┬À┬À┬À┬À┬À┬À┬À┬À┬À┬À┬À
|      mint             ┬À              [90m-[39m  ┬À            [90m-[39m  ┬À         51,023  ┬À             2  ┬À           [32m[90m-[39m[32m[39m  Ôöé
┬À┬À┬À┬À┬À┬À┬À┬À┬À┬À┬À┬À┬À┬À┬À┬À┬À┬À┬À┬À┬À┬À┬À┬À|┬À┬À┬À┬À┬À┬À┬À┬À┬À┬À┬À┬À┬À┬À┬À┬À┬À|┬À┬À┬À┬À┬À┬À┬À┬À┬À┬À┬À┬À┬À┬À┬À|┬À┬À┬À┬À┬À┬À┬À┬À┬À┬À┬À┬À┬À┬À┬À┬À┬À|┬À┬À┬À┬À┬À┬À┬À┬À┬À┬À┬À┬À┬À┬À┬À┬À|┬À┬À┬À┬À┬À┬À┬À┬À┬À┬À┬À┬À┬À┬À┬À
|  [1mTipFlowSession[22m       ┬À                                                                                   Ôöé
┬À┬À┬À┬À┬À┬À┬À┬À┬À┬À┬À┬À┬À┬À┬À┬À┬À┬À┬À┬À┬À┬À┬À┬À|┬À┬À┬À┬À┬À┬À┬À┬À┬À┬À┬À┬À┬À┬À┬À┬À┬À|┬À┬À┬À┬À┬À┬À┬À┬À┬À┬À┬À┬À┬À┬À┬À|┬À┬À┬À┬À┬À┬À┬À┬À┬À┬À┬À┬À┬À┬À┬À┬À┬À|┬À┬À┬À┬À┬À┬À┬À┬À┬À┬À┬À┬À┬À┬À┬À┬À|┬À┬À┬À┬À┬À┬À┬À┬À┬À┬À┬À┬À┬À┬À┬À
|      createSession    ┬À        [36m101,575[39m  ┬À      [31m118,675[39m  ┬À        110,125  ┬À             4  ┬À           [32m[90m-[39m[32m[39m  Ôöé
┬À┬À┬À┬À┬À┬À┬À┬À┬À┬À┬À┬À┬À┬À┬À┬À┬À┬À┬À┬À┬À┬À┬À┬À|┬À┬À┬À┬À┬À┬À┬À┬À┬À┬À┬À┬À┬À┬À┬À┬À┬À|┬À┬À┬À┬À┬À┬À┬À┬À┬À┬À┬À┬À┬À┬À┬À|┬À┬À┬À┬À┬À┬À┬À┬À┬À┬À┬À┬À┬À┬À┬À┬À┬À|┬À┬À┬À┬À┬À┬À┬À┬À┬À┬À┬À┬À┬À┬À┬À┬À|┬À┬À┬À┬À┬À┬À┬À┬À┬À┬À┬À┬À┬À┬À┬À
|  [1mYourContract[22m         ┬À                                                                                   Ôöé
┬À┬À┬À┬À┬À┬À┬À┬À┬À┬À┬À┬À┬À┬À┬À┬À┬À┬À┬À┬À┬À┬À┬À┬À|┬À┬À┬À┬À┬À┬À┬À┬À┬À┬À┬À┬À┬À┬À┬À┬À┬À|┬À┬À┬À┬À┬À┬À┬À┬À┬À┬À┬À┬À┬À┬À┬À|┬À┬À┬À┬À┬À┬À┬À┬À┬À┬À┬À┬À┬À┬À┬À┬À┬À|┬À┬À┬À┬À┬À┬À┬À┬À┬À┬À┬À┬À┬À┬À┬À┬À|┬À┬À┬À┬À┬À┬À┬À┬À┬À┬À┬À┬À┬À┬À┬À
|      setGreeting      ┬À              [90m-[39m  ┬À            [90m-[39m  ┬À         80,447  ┬À             1  ┬À           [32m[90m-[39m[32m[39m  Ôöé
┬À┬À┬À┬À┬À┬À┬À┬À┬À┬À┬À┬À┬À┬À┬À┬À┬À┬À┬À┬À┬À┬À┬À┬À|┬À┬À┬À┬À┬À┬À┬À┬À┬À┬À┬À┬À┬À┬À┬À┬À┬À|┬À┬À┬À┬À┬À┬À┬À┬À┬À┬À┬À┬À┬À┬À┬À|┬À┬À┬À┬À┬À┬À┬À┬À┬À┬À┬À┬À┬À┬À┬À┬À┬À|┬À┬À┬À┬À┬À┬À┬À┬À┬À┬À┬À┬À┬À┬À┬À┬À|┬À┬À┬À┬À┬À┬À┬À┬À┬À┬À┬À┬À┬À┬À┬À
|  [32m[1mDeployments[22m[39m                            ┬À                                 ┬À  [1m% of limit[22m    ┬À              Ôöé
┬À┬À┬À┬À┬À┬À┬À┬À┬À┬À┬À┬À┬À┬À┬À┬À┬À┬À┬À┬À┬À┬À┬À┬À|┬À┬À┬À┬À┬À┬À┬À┬À┬À┬À┬À┬À┬À┬À┬À┬À┬À|┬À┬À┬À┬À┬À┬À┬À┬À┬À┬À┬À┬À┬À┬À┬À|┬À┬À┬À┬À┬À┬À┬À┬À┬À┬À┬À┬À┬À┬À┬À┬À┬À|┬À┬À┬À┬À┬À┬À┬À┬À┬À┬À┬À┬À┬À┬À┬À┬À|┬À┬À┬À┬À┬À┬À┬À┬À┬À┬À┬À┬À┬À┬À┬À
|  [1mMockUSDC[22m             ┬À              [90m-[39m  ┬À            [90m-[39m  ┬À        547,606  ┬À         0.9 %  ┬À           [32m[90m-[39m[32m[39m  Ôöé
┬À┬À┬À┬À┬À┬À┬À┬À┬À┬À┬À┬À┬À┬À┬À┬À┬À┬À┬À┬À┬À┬À┬À┬À|┬À┬À┬À┬À┬À┬À┬À┬À┬À┬À┬À┬À┬À┬À┬À┬À┬À|┬À┬À┬À┬À┬À┬À┬À┬À┬À┬À┬À┬À┬À┬À┬À|┬À┬À┬À┬À┬À┬À┬À┬À┬À┬À┬À┬À┬À┬À┬À┬À┬À|┬À┬À┬À┬À┬À┬À┬À┬À┬À┬À┬À┬À┬À┬À┬À┬À|┬À┬À┬À┬À┬À┬À┬À┬À┬À┬À┬À┬À┬À┬À┬À
|  [1mTipFlowSession[22m       ┬À              [90m-[39m  ┬À            [90m-[39m  ┬À        989,904  ┬À         1.6 %  ┬À           [32m[90m-[39m[32m[39m  Ôöé
┬À┬À┬À┬À┬À┬À┬À┬À┬À┬À┬À┬À┬À┬À┬À┬À┬À┬À┬À┬À┬À┬À┬À┬À|┬À┬À┬À┬À┬À┬À┬À┬À┬À┬À┬À┬À┬À┬À┬À┬À┬À|┬À┬À┬À┬À┬À┬À┬À┬À┬À┬À┬À┬À┬À┬À┬À|┬À┬À┬À┬À┬À┬À┬À┬À┬À┬À┬À┬À┬À┬À┬À┬À┬À|┬À┬À┬À┬À┬À┬À┬À┬À┬À┬À┬À┬À┬À┬À┬À┬À|┬À┬À┬À┬À┬À┬À┬À┬À┬À┬À┬À┬À┬À┬À┬À
|  [1mYourContract[22m         ┬À              [90m-[39m  ┬À            [90m-[39m  ┬À        478,218  ┬À         0.8 %  ┬À           [32m[90m-[39m[32m[39m  Ôöé
┬À┬À┬À┬À┬À┬À┬À┬À┬À┬À┬À┬À┬À┬À┬À┬À┬À┬À┬À┬À┬À┬À┬À┬À|┬À┬À┬À┬À┬À┬À┬À┬À┬À┬À┬À┬À┬À┬À┬À┬À┬À|┬À┬À┬À┬À┬À┬À┬À┬À┬À┬À┬À┬À┬À┬À┬À|┬À┬À┬À┬À┬À┬À┬À┬À┬À┬À┬À┬À┬À┬À┬À┬À┬À|┬À┬À┬À┬À┬À┬À┬À┬À┬À┬À┬À┬À┬À┬À┬À┬À|┬À┬À┬À┬À┬À┬À┬À┬À┬À┬À┬À┬À┬À┬À┬À
|  [32m[1mKey[22m[39m                                                                                                      Ôöé
┬À┬À┬À┬À┬À┬À┬À┬À┬À┬À┬À┬À┬À┬À┬À┬À┬À┬À┬À┬À┬À┬À┬À┬À┬À┬À┬À┬À┬À┬À┬À┬À┬À┬À┬À┬À┬À┬À┬À┬À┬À┬À┬À┬À┬À┬À┬À┬À┬À┬À┬À┬À┬À┬À┬À┬À┬À┬À┬À┬À┬À┬À┬À┬À┬À┬À┬À┬À┬À┬À┬À┬À┬À┬À┬À┬À┬À┬À┬À┬À┬À┬À┬À┬À┬À┬À┬À┬À┬À┬À┬À┬À┬À┬À┬À┬À┬À┬À┬À┬À┬À┬À┬À┬À┬À┬À┬À┬À┬À
|  [35m[1mÔù»[22m[39m  Execution gas for this method does not include intrinsic gas overhead                                 Ôöé
┬À┬À┬À┬À┬À┬À┬À┬À┬À┬À┬À┬À┬À┬À┬À┬À┬À┬À┬À┬À┬À┬À┬À┬À┬À┬À┬À┬À┬À┬À┬À┬À┬À┬À┬À┬À┬À┬À┬À┬À┬À┬À┬À┬À┬À┬À┬À┬À┬À┬À┬À┬À┬À┬À┬À┬À┬À┬À┬À┬À┬À┬À┬À┬À┬À┬À┬À┬À┬À┬À┬À┬À┬À┬À┬À┬À┬À┬À┬À┬À┬À┬À┬À┬À┬À┬À┬À┬À┬À┬À┬À┬À┬À┬À┬À┬À┬À┬À┬À┬À┬À┬À┬À┬À┬À┬À┬À┬À┬À
|  [35m[1mÔû│[22m[39m  Cost was non-zero but below the precision setting for the currency display (see options)              Ôöé
┬À┬À┬À┬À┬À┬À┬À┬À┬À┬À┬À┬À┬À┬À┬À┬À┬À┬À┬À┬À┬À┬À┬À┬À┬À┬À┬À┬À┬À┬À┬À┬À┬À┬À┬À┬À┬À┬À┬À┬À┬À┬À┬À┬À┬À┬À┬À┬À┬À┬À┬À┬À┬À┬À┬À┬À┬À┬À┬À┬À┬À┬À┬À┬À┬À┬À┬À┬À┬À┬À┬À┬À┬À┬À┬À┬À┬À┬À┬À┬À┬À┬À┬À┬À┬À┬À┬À┬À┬À┬À┬À┬À┬À┬À┬À┬À┬À┬À┬À┬À┬À┬À┬À┬À┬À┬À┬À┬À┬À
|  [35mToolchain:[39m  hardhat                                                                                      Ôöé
┬À┬À┬À┬À┬À┬À┬À┬À┬À┬À┬À┬À┬À┬À┬À┬À┬À┬À┬À┬À┬À┬À┬À┬À┬À┬À┬À┬À┬À┬À┬À┬À┬À┬À┬À┬À┬À┬À┬À┬À┬À┬À┬À┬À┬À┬À┬À┬À┬À┬À┬À┬À┬À┬À┬À┬À┬À┬À┬À┬À┬À┬À┬À┬À┬À┬À┬À┬À┬À┬À┬À┬À┬À┬À┬À┬À┬À┬À┬À┬À┬À┬À┬À┬À┬À┬À┬À┬À┬À┬À┬À┬À┬À┬À┬À┬À┬À┬À┬À┬À┬À┬À┬À┬À┬À┬À┬À┬À┬À
